============================= test session starts =============================
platform win32 -- Python 3.11.0, pytest-9.0.1, pluggy-1.6.0 -- C:\Users\haris\Downloads\Software\PythonPrograms\.venv\Scripts\python.exe
cachedir: .pytest_cache
rootdir: C:\Users\haris\Downloads\Software\PythonPrograms\dupFinder
collecting ... collected 22 items

tests/test_database.py::test_get_file_by_path_not_found PASSED           [  4%]
tests/test_database.py::test_get_file_by_path_success FAILED             [  9%]
tests/test_database.py::test_is_file_unchanged_true PASSED               [ 13%]
tests/test_database.py::test_is_file_unchanged_false_newer_mtime PASSED  [ 18%]
tests/test_database.py::test_is_file_unchanged_false_no_entry PASSED     [ 22%]
tests/test_database.py::test_is_file_unchanged_false_no_last_scan PASSED [ 27%]
tests/test_database.py::test_update_last_scan_timestamp PASSED           [ 31%]
tests/test_database.py::test_get_last_scan_timestamp_none PASSED         [ 36%]
tests/test_database.py::test_upsert_file_entry_insert PASSED             [ 40%]
tests/test_database.py::test_upsert_file_entry_update PASSED             [ 45%]
tests/test_database.py::test_upsert_file_entry_epoch_storage PASSED      [ 50%]
tests/test_database.py::test_migrate_scan_date_to_epoch FAILED           [ 54%]
tests/test_database.py::test_migrate_invalid_date FAILED                 [ 59%]
tests/test_hash_calculator.py::test_get_file_mtime_success PASSED        [ 63%]
tests/test_hash_calculator.py::test_get_file_mtime_error PASSED          [ 68%]
tests/test_hash_calculator.py::test_get_file_size_success PASSED         [ 72%]
tests/test_hash_calculator.py::test_get_file_size_error PASSED           [ 77%]
tests/test_hash_calculator.py::test_calculate_file_hash_success PASSED   [ 81%]
tests/test_hash_calculator.py::test_calculate_file_hash_error PASSED     [ 86%]
tests/test_integration.py::test_integration_mtime_optimization FAILED    [ 90%]
tests/test_integration.py::test_integration_no_changes FAILED            [ 95%]
tests/test_integration.py::test_integration_new_file FAILED              [100%]

================================== FAILURES ===================================
________________________ test_get_file_by_path_success ________________________

temp_db = 'C:\\Users\\haris\\AppData\\Local\\Temp\\tmp13kbejd8.db'

    def test_get_file_by_path_success(temp_db):
        """Test get_file_by_path when file exists."""
        # Insert a test entry
        upsert_file_entry(
            "/test/path/file.txt",
            "file.txt",
            1024,
            1234567890.0,
            "abc123hash",
>           datetime.now().strftime("%Y-%m-%d %H:%M:%S")
            ^^^^^^^^
        )
E       NameError: name 'datetime' is not defined

tests\test_database.py:55: NameError
_______________________ test_migrate_scan_date_to_epoch _______________________

self = <sqlalchemy.engine.base.Connection object at 0x0000023AB9C63750>
dialect = <sqlalchemy.dialects.sqlite.pysqlite.SQLiteDialect_pysqlite object at 0x0000023AB9C63A10>
context = <sqlalchemy.dialects.sqlite.base.SQLiteExecutionContext object at 0x0000023AB8C7E490>
statement = <sqlalchemy.dialects.sqlite.base.SQLiteCompiler object at 0x0000023AB8C7C650>
parameters = [()]

    def _exec_single_context(
        self,
        dialect: Dialect,
        context: ExecutionContext,
        statement: Union[str, Compiled],
        parameters: Optional[_AnyMultiExecuteParams],
    ) -> CursorResult[Any]:
        """continue the _execute_context() method for a single DBAPI
        cursor.execute() or cursor.executemany() call.
    
        """
        if dialect.bind_typing is BindTyping.SETINPUTSIZES:
            generic_setinputsizes = context._prepare_set_input_sizes()
    
            if generic_setinputsizes:
                try:
                    dialect.do_set_input_sizes(
                        context.cursor, generic_setinputsizes, context
                    )
                except BaseException as e:
                    self._handle_dbapi_exception(
                        e, str(statement), parameters, None, context
                    )
    
        cursor, str_statement, parameters = (
            context.cursor,
            context.statement,
            context.parameters,
        )
    
        effective_parameters: Optional[_AnyExecuteParams]
    
        if not context.executemany:
            effective_parameters = parameters[0]
        else:
            effective_parameters = parameters
    
        if self._has_events or self.engine._has_events:
            for fn in self.dispatch.before_cursor_execute:
                str_statement, effective_parameters = fn(
                    self,
                    cursor,
                    str_statement,
                    effective_parameters,
                    context,
                    context.executemany,
                )
    
        if self._echo:
            self._log_info(str_statement)
    
            stats = context._get_cache_stats()
    
            if not self.engine.hide_parameters:
                self._log_info(
                    "[%s] %r",
                    stats,
                    sql_util._repr_params(
                        effective_parameters,
                        batches=10,
                        ismulti=context.executemany,
                    ),
                )
            else:
                self._log_info(
                    "[%s] [SQL parameters hidden due to hide_parameters=True]",
                    stats,
                )
    
        evt_handled: bool = False
        try:
            if context.execute_style is ExecuteStyle.EXECUTEMANY:
                effective_parameters = cast(
                    "_CoreMultiExecuteParams", effective_parameters
                )
                if self.dialect._has_events:
                    for fn in self.dialect.dispatch.do_executemany:
                        if fn(
                            cursor,
                            str_statement,
                            effective_parameters,
                            context,
                        ):
                            evt_handled = True
                            break
                if not evt_handled:
                    self.dialect.do_executemany(
                        cursor,
                        str_statement,
                        effective_parameters,
                        context,
                    )
            elif not effective_parameters and context.no_parameters:
                if self.dialect._has_events:
                    for fn in self.dialect.dispatch.do_execute_no_params:
                        if fn(cursor, str_statement, context):
                            evt_handled = True
                            break
                if not evt_handled:
                    self.dialect.do_execute_no_params(
                        cursor, str_statement, context
                    )
            else:
                effective_parameters = cast(
                    "_CoreSingleExecuteParams", effective_parameters
                )
                if self.dialect._has_events:
                    for fn in self.dialect.dispatch.do_execute:
                        if fn(
                            cursor,
                            str_statement,
                            effective_parameters,
                            context,
                        ):
                            evt_handled = True
                            break
                if not evt_handled:
>                   self.dialect.do_execute(
                        cursor, str_statement, effective_parameters, context
                    )

..\.venv\Lib\site-packages\sqlalchemy\engine\base.py:1964: 
_ _ _ _ _ _ _ _ _ _ _ _ _ _ _ _ _ _ _ _ _ _ _ _ _ _ _ _ _ _ _ _ _ _ _ _ _ _ _ _

self = <sqlalchemy.dialects.sqlite.pysqlite.SQLiteDialect_pysqlite object at 0x0000023AB9C63A10>
cursor = <sqlite3.Cursor object at 0x0000023AB8C5AA40>
statement = '\n            CREATE TABLE file_hashes (\n                id INTEGER PRIMARY KEY,\n                filename TEXT NOT ..._size INTEGER NOT NULL,\n                scan_date TEXT NOT NULL,\n                mtime REAL\n            )\n        '
parameters = ()
context = <sqlalchemy.dialects.sqlite.base.SQLiteExecutionContext object at 0x0000023AB8C7E490>

    def do_execute(self, cursor, statement, parameters, context=None):
>       cursor.execute(statement, parameters)
E       sqlite3.OperationalError: table file_hashes already exists

..\.venv\Lib\site-packages\sqlalchemy\engine\default.py:945: OperationalError

The above exception was the direct cause of the following exception:

temp_db = 'C:\\Users\\haris\\AppData\\Local\\Temp\\tmp6uut22t_.db'

    def test_migrate_scan_date_to_epoch(temp_db):
        """Test the migration from string scan_date to epoch float."""
        from utilities.database import engine, migrate_scan_date_to_epoch
    
        # Create legacy DB with TEXT scan_date manually
        legacy_engine = create_engine(f"sqlite:///{temp_db}")
        with legacy_engine.connect() as conn:
>           conn.execute(text("""
                CREATE TABLE file_hashes (
                    id INTEGER PRIMARY KEY,
                    filename TEXT NOT NULL,
                    absolute_path TEXT NOT NULL UNIQUE,
                    hash_value TEXT,
                    file_size INTEGER NOT NULL,
                    scan_date TEXT NOT NULL,
                    mtime REAL
                )
            """))

tests\test_database.py:212: 
_ _ _ _ _ _ _ _ _ _ _ _ _ _ _ _ _ _ _ _ _ _ _ _ _ _ _ _ _ _ _ _ _ _ _ _ _ _ _ _
..\.venv\Lib\site-packages\sqlalchemy\engine\base.py:1416: in execute
    return meth(
..\.venv\Lib\site-packages\sqlalchemy\sql\elements.py:523: in _execute_on_connection
    return connection._execute_clauseelement(
..\.venv\Lib\site-packages\sqlalchemy\engine\base.py:1638: in _execute_clauseelement
    ret = self._execute_context(
..\.venv\Lib\site-packages\sqlalchemy\engine\base.py:1843: in _execute_context
    return self._exec_single_context(
..\.venv\Lib\site-packages\sqlalchemy\engine\base.py:1983: in _exec_single_context
    self._handle_dbapi_exception(
..\.venv\Lib\site-packages\sqlalchemy\engine\base.py:2352: in _handle_dbapi_exception
    raise sqlalchemy_exception.with_traceback(exc_info[2]) from e
..\.venv\Lib\site-packages\sqlalchemy\engine\base.py:1964: in _exec_single_context
    self.dialect.do_execute(
_ _ _ _ _ _ _ _ _ _ _ _ _ _ _ _ _ _ _ _ _ _ _ _ _ _ _ _ _ _ _ _ _ _ _ _ _ _ _ _

self = <sqlalchemy.dialects.sqlite.pysqlite.SQLiteDialect_pysqlite object at 0x0000023AB9C63A10>
cursor = <sqlite3.Cursor object at 0x0000023AB8C5AA40>
statement = '\n            CREATE TABLE file_hashes (\n                id INTEGER PRIMARY KEY,\n                filename TEXT NOT ..._size INTEGER NOT NULL,\n                scan_date TEXT NOT NULL,\n                mtime REAL\n            )\n        '
parameters = ()
context = <sqlalchemy.dialects.sqlite.base.SQLiteExecutionContext object at 0x0000023AB8C7E490>

    def do_execute(self, cursor, statement, parameters, context=None):
>       cursor.execute(statement, parameters)
E       sqlalchemy.exc.OperationalError: (sqlite3.OperationalError) table file_hashes already exists
E       [SQL: 
E                   CREATE TABLE file_hashes (
E                       id INTEGER PRIMARY KEY,
E                       filename TEXT NOT NULL,
E                       absolute_path TEXT NOT NULL UNIQUE,
E                       hash_value TEXT,
E                       file_size INTEGER NOT NULL,
E                       scan_date TEXT NOT NULL,
E                       mtime REAL
E                   )
E               ]
E       (Background on this error at: https://sqlalche.me/e/20/e3q8)

..\.venv\Lib\site-packages\sqlalchemy\engine\default.py:945: OperationalError
__________________________ test_migrate_invalid_date __________________________

self = <sqlalchemy.engine.base.Connection object at 0x0000023AB8C6FA90>
dialect = <sqlalchemy.dialects.sqlite.pysqlite.SQLiteDialect_pysqlite object at 0x0000023AB8C6E3D0>
context = <sqlalchemy.dialects.sqlite.base.SQLiteExecutionContext object at 0x0000023AB8C6C490>
statement = <sqlalchemy.dialects.sqlite.base.SQLiteCompiler object at 0x0000023AB8C6D750>
parameters = [()]

    def _exec_single_context(
        self,
        dialect: Dialect,
        context: ExecutionContext,
        statement: Union[str, Compiled],
        parameters: Optional[_AnyMultiExecuteParams],
    ) -> CursorResult[Any]:
        """continue the _execute_context() method for a single DBAPI
        cursor.execute() or cursor.executemany() call.
    
        """
        if dialect.bind_typing is BindTyping.SETINPUTSIZES:
            generic_setinputsizes = context._prepare_set_input_sizes()
    
            if generic_setinputsizes:
                try:
                    dialect.do_set_input_sizes(
                        context.cursor, generic_setinputsizes, context
                    )
                except BaseException as e:
                    self._handle_dbapi_exception(
                        e, str(statement), parameters, None, context
                    )
    
        cursor, str_statement, parameters = (
            context.cursor,
            context.statement,
            context.parameters,
        )
    
        effective_parameters: Optional[_AnyExecuteParams]
    
        if not context.executemany:
            effective_parameters = parameters[0]
        else:
            effective_parameters = parameters
    
        if self._has_events or self.engine._has_events:
            for fn in self.dispatch.before_cursor_execute:
                str_statement, effective_parameters = fn(
                    self,
                    cursor,
                    str_statement,
                    effective_parameters,
                    context,
                    context.executemany,
                )
    
        if self._echo:
            self._log_info(str_statement)
    
            stats = context._get_cache_stats()
    
            if not self.engine.hide_parameters:
                self._log_info(
                    "[%s] %r",
                    stats,
                    sql_util._repr_params(
                        effective_parameters,
                        batches=10,
                        ismulti=context.executemany,
                    ),
                )
            else:
                self._log_info(
                    "[%s] [SQL parameters hidden due to hide_parameters=True]",
                    stats,
                )
    
        evt_handled: bool = False
        try:
            if context.execute_style is ExecuteStyle.EXECUTEMANY:
                effective_parameters = cast(
                    "_CoreMultiExecuteParams", effective_parameters
                )
                if self.dialect._has_events:
                    for fn in self.dialect.dispatch.do_executemany:
                        if fn(
                            cursor,
                            str_statement,
                            effective_parameters,
                            context,
                        ):
                            evt_handled = True
                            break
                if not evt_handled:
                    self.dialect.do_executemany(
                        cursor,
                        str_statement,
                        effective_parameters,
                        context,
                    )
            elif not effective_parameters and context.no_parameters:
                if self.dialect._has_events:
                    for fn in self.dialect.dispatch.do_execute_no_params:
                        if fn(cursor, str_statement, context):
                            evt_handled = True
                            break
                if not evt_handled:
                    self.dialect.do_execute_no_params(
                        cursor, str_statement, context
                    )
            else:
                effective_parameters = cast(
                    "_CoreSingleExecuteParams", effective_parameters
                )
                if self.dialect._has_events:
                    for fn in self.dialect.dispatch.do_execute:
                        if fn(
                            cursor,
                            str_statement,
                            effective_parameters,
                            context,
                        ):
                            evt_handled = True
                            break
                if not evt_handled:
>                   self.dialect.do_execute(
                        cursor, str_statement, effective_parameters, context
                    )

..\.venv\Lib\site-packages\sqlalchemy\engine\base.py:1964: 
_ _ _ _ _ _ _ _ _ _ _ _ _ _ _ _ _ _ _ _ _ _ _ _ _ _ _ _ _ _ _ _ _ _ _ _ _ _ _ _

self = <sqlalchemy.dialects.sqlite.pysqlite.SQLiteDialect_pysqlite object at 0x0000023AB8C6E3D0>
cursor = <sqlite3.Cursor object at 0x0000023ABA3F59C0>
statement = '\n            CREATE TABLE file_hashes (\n                id INTEGER PRIMARY KEY,\n                filename TEXT NOT ..._size INTEGER NOT NULL,\n                scan_date TEXT NOT NULL,\n                mtime REAL\n            )\n        '
parameters = ()
context = <sqlalchemy.dialects.sqlite.base.SQLiteExecutionContext object at 0x0000023AB8C6C490>

    def do_execute(self, cursor, statement, parameters, context=None):
>       cursor.execute(statement, parameters)
E       sqlite3.OperationalError: table file_hashes already exists

..\.venv\Lib\site-packages\sqlalchemy\engine\default.py:945: OperationalError

The above exception was the direct cause of the following exception:

temp_db = 'C:\\Users\\haris\\AppData\\Local\\Temp\\tmpzsnz8361.db'

    def test_migrate_invalid_date(temp_db):
        """Test migration handles invalid dates by setting current time."""
        from utilities.database import engine, migrate_scan_date_to_epoch
    
        # Create legacy DB
        legacy_engine = create_engine(f"sqlite:///{temp_db}")
        with legacy_engine.connect() as conn:
>           conn.execute(text("""
                CREATE TABLE file_hashes (
                    id INTEGER PRIMARY KEY,
                    filename TEXT NOT NULL,
                    absolute_path TEXT NOT NULL UNIQUE,
                    hash_value TEXT,
                    file_size INTEGER NOT NULL,
                    scan_date TEXT NOT NULL,
                    mtime REAL
                )
            """))

tests\test_database.py:247: 
_ _ _ _ _ _ _ _ _ _ _ _ _ _ _ _ _ _ _ _ _ _ _ _ _ _ _ _ _ _ _ _ _ _ _ _ _ _ _ _
..\.venv\Lib\site-packages\sqlalchemy\engine\base.py:1416: in execute
    return meth(
..\.venv\Lib\site-packages\sqlalchemy\sql\elements.py:523: in _execute_on_connection
    return connection._execute_clauseelement(
..\.venv\Lib\site-packages\sqlalchemy\engine\base.py:1638: in _execute_clauseelement
    ret = self._execute_context(
..\.venv\Lib\site-packages\sqlalchemy\engine\base.py:1843: in _execute_context
    return self._exec_single_context(
..\.venv\Lib\site-packages\sqlalchemy\engine\base.py:1983: in _exec_single_context
    self._handle_dbapi_exception(
..\.venv\Lib\site-packages\sqlalchemy\engine\base.py:2352: in _handle_dbapi_exception
    raise sqlalchemy_exception.with_traceback(exc_info[2]) from e
..\.venv\Lib\site-packages\sqlalchemy\engine\base.py:1964: in _exec_single_context
    self.dialect.do_execute(
_ _ _ _ _ _ _ _ _ _ _ _ _ _ _ _ _ _ _ _ _ _ _ _ _ _ _ _ _ _ _ _ _ _ _ _ _ _ _ _

self = <sqlalchemy.dialects.sqlite.pysqlite.SQLiteDialect_pysqlite object at 0x0000023AB8C6E3D0>
cursor = <sqlite3.Cursor object at 0x0000023ABA3F59C0>
statement = '\n            CREATE TABLE file_hashes (\n                id INTEGER PRIMARY KEY,\n                filename TEXT NOT ..._size INTEGER NOT NULL,\n                scan_date TEXT NOT NULL,\n                mtime REAL\n            )\n        '
parameters = ()
context = <sqlalchemy.dialects.sqlite.base.SQLiteExecutionContext object at 0x0000023AB8C6C490>

    def do_execute(self, cursor, statement, parameters, context=None):
>       cursor.execute(statement, parameters)
E       sqlalchemy.exc.OperationalError: (sqlite3.OperationalError) table file_hashes already exists
E       [SQL: 
E                   CREATE TABLE file_hashes (
E                       id INTEGER PRIMARY KEY,
E                       filename TEXT NOT NULL,
E                       absolute_path TEXT NOT NULL UNIQUE,
E                       hash_value TEXT,
E                       file_size INTEGER NOT NULL,
E                       scan_date TEXT NOT NULL,
E                       mtime REAL
E                   )
E               ]
E       (Background on this error at: https://sqlalche.me/e/20/e3q8)

..\.venv\Lib\site-packages\sqlalchemy\engine\default.py:945: OperationalError
_____________________ test_integration_mtime_optimization _____________________

self = <sqlalchemy.engine.base.Connection object at 0x0000023AB9CAEA10>
dialect = <sqlalchemy.dialects.sqlite.pysqlite.SQLiteDialect_pysqlite object at 0x0000023AB9CAFC10>
constructor = <bound method DefaultExecutionContext._init_compiled of <class 'sqlalchemy.dialects.sqlite.base.SQLiteExecutionContext'>>
statement = <sqlalchemy.dialects.sqlite.base.SQLiteCompiler object at 0x0000023AB9C7CED0>
parameters = (), execution_options = immutabledict({})
args = (<sqlalchemy.dialects.sqlite.base.SQLiteCompiler object at 0x0000023AB9C7CED0>, (), <sqlalchemy.sql.dml.Insert object ...39696 param)s', 1763822382.5917938, type_=NullType()), BindParameter('%(2451248236176 param)s', '', type_=NullType())])
kw = {'cache_hit': <CacheStats.CACHE_MISS: 1>}
conn = <sqlalchemy.pool.base._ConnectionFairy object at 0x0000023AB9FD5790>

    def _execute_context(
        self,
        dialect: Dialect,
        constructor: Callable[..., ExecutionContext],
        statement: Union[str, Compiled],
        parameters: Optional[_AnyMultiExecuteParams],
        execution_options: _ExecuteOptions,
        *args: Any,
        **kw: Any,
    ) -> CursorResult[Any]:
        """Create an :class:`.ExecutionContext` and execute, returning
        a :class:`_engine.CursorResult`."""
    
        if execution_options:
            yp = execution_options.get("yield_per", None)
            if yp:
                execution_options = execution_options.union(
                    {"stream_results": True, "max_row_buffer": yp}
                )
        try:
            conn = self._dbapi_connection
            if conn is None:
                conn = self._revalidate_connection()
    
>           context = constructor(
                dialect, self, conn, execution_options, *args, **kw
            )

..\.venv\Lib\site-packages\sqlalchemy\engine\base.py:1812: 
_ _ _ _ _ _ _ _ _ _ _ _ _ _ _ _ _ _ _ _ _ _ _ _ _ _ _ _ _ _ _ _ _ _ _ _ _ _ _ _
..\.venv\Lib\site-packages\sqlalchemy\engine\default.py:1485: in _init_compiled
    l_param: List[Any] = [
..\.venv\Lib\site-packages\sqlalchemy\engine\default.py:1487: in <listcomp>
    flattened_processors[key](compiled_params[key])
_ _ _ _ _ _ _ _ _ _ _ _ _ _ _ _ _ _ _ _ _ _ _ _ _ _ _ _ _ _ _ _ _ _ _ _ _ _ _ _

>   ???
E   ValueError: could not convert string to float: '2025-11-22 20:09:42'

lib\\sqlalchemy\\cyextension\\processors.pyx:27: ValueError

The above exception was the direct cause of the following exception:

temp_scan_dir = 'C:\\Users\\haris\\AppData\\Local\\Temp\\tmp0p69d1ju'
temp_db = 'C:\\Users\\haris\\AppData\\Local\\Temp\\tmpjw3m201_.db'

    def test_integration_mtime_optimization(temp_scan_dir, temp_db):
        """Test that only changed files are re-hashed after mtime modification."""
        # First scan
>       scan_time1, hashed1 = scan_directory(temp_scan_dir, temp_db, simulate_hash_time=True)
                              ^^^^^^^^^^^^^^^^^^^^^^^^^^^^^^^^^^^^^^^^^^^^^^^^^^^^^^^^^^^^^^^

tests\test_integration.py:111: 
_ _ _ _ _ _ _ _ _ _ _ _ _ _ _ _ _ _ _ _ _ _ _ _ _ _ _ _ _ _ _ _ _ _ _ _ _ _ _ _
tests\test_integration.py:92: in scan_directory
    upsert_file_entry(abs_path, filename, size, mtime, scan_date=scan_date)
utilities\database.py:540: in upsert_file_entry
    connection.execute(stmt)
..\.venv\Lib\site-packages\sqlalchemy\engine\base.py:1416: in execute
    return meth(
..\.venv\Lib\site-packages\sqlalchemy\sql\elements.py:523: in _execute_on_connection
    return connection._execute_clauseelement(
..\.venv\Lib\site-packages\sqlalchemy\engine\base.py:1638: in _execute_clauseelement
    ret = self._execute_context(
..\.venv\Lib\site-packages\sqlalchemy\engine\base.py:1818: in _execute_context
    self._handle_dbapi_exception(
..\.venv\Lib\site-packages\sqlalchemy\engine\base.py:2352: in _handle_dbapi_exception
    raise sqlalchemy_exception.with_traceback(exc_info[2]) from e
..\.venv\Lib\site-packages\sqlalchemy\engine\base.py:1812: in _execute_context
    context = constructor(
..\.venv\Lib\site-packages\sqlalchemy\engine\default.py:1485: in _init_compiled
    l_param: List[Any] = [
..\.venv\Lib\site-packages\sqlalchemy\engine\default.py:1487: in <listcomp>
    flattened_processors[key](compiled_params[key])
_ _ _ _ _ _ _ _ _ _ _ _ _ _ _ _ _ _ _ _ _ _ _ _ _ _ _ _ _ _ _ _ _ _ _ _ _ _ _ _

>   ???
E   sqlalchemy.exc.StatementError: (builtins.ValueError) could not convert string to float: '2025-11-22 20:09:42'
E   [SQL: INSERT INTO file_hashes (filename, absolute_path, hash_value, file_size, scan_date, mtime) VALUES (?, ?, ?, ?, ?, ?)]

lib\\sqlalchemy\\cyextension\\processors.pyx:27: StatementError
_________________________ test_integration_no_changes _________________________

self = <sqlalchemy.engine.base.Connection object at 0x0000023AB9C93790>
dialect = <sqlalchemy.dialects.sqlite.pysqlite.SQLiteDialect_pysqlite object at 0x0000023AB8C41110>
constructor = <bound method DefaultExecutionContext._init_compiled of <class 'sqlalchemy.dialects.sqlite.base.SQLiteExecutionContext'>>
statement = <sqlalchemy.dialects.sqlite.base.SQLiteCompiler object at 0x0000023AB8C42350>
parameters = (), execution_options = immutabledict({})
args = (<sqlalchemy.dialects.sqlite.base.SQLiteCompiler object at 0x0000023AB8C42350>, (), <sqlalchemy.sql.dml.Insert object ...326032 param)s', 1763822383.323531, type_=NullType()), BindParameter('%(2451248326096 param)s', '', type_=NullType())])
kw = {'cache_hit': <CacheStats.CACHE_MISS: 1>}
conn = <sqlalchemy.pool.base._ConnectionFairy object at 0x0000023AB8B92DB0>

    def _execute_context(
        self,
        dialect: Dialect,
        constructor: Callable[..., ExecutionContext],
        statement: Union[str, Compiled],
        parameters: Optional[_AnyMultiExecuteParams],
        execution_options: _ExecuteOptions,
        *args: Any,
        **kw: Any,
    ) -> CursorResult[Any]:
        """Create an :class:`.ExecutionContext` and execute, returning
        a :class:`_engine.CursorResult`."""
    
        if execution_options:
            yp = execution_options.get("yield_per", None)
            if yp:
                execution_options = execution_options.union(
                    {"stream_results": True, "max_row_buffer": yp}
                )
        try:
            conn = self._dbapi_connection
            if conn is None:
                conn = self._revalidate_connection()
    
>           context = constructor(
                dialect, self, conn, execution_options, *args, **kw
            )

..\.venv\Lib\site-packages\sqlalchemy\engine\base.py:1812: 
_ _ _ _ _ _ _ _ _ _ _ _ _ _ _ _ _ _ _ _ _ _ _ _ _ _ _ _ _ _ _ _ _ _ _ _ _ _ _ _
..\.venv\Lib\site-packages\sqlalchemy\engine\default.py:1485: in _init_compiled
    l_param: List[Any] = [
..\.venv\Lib\site-packages\sqlalchemy\engine\default.py:1487: in <listcomp>
    flattened_processors[key](compiled_params[key])
_ _ _ _ _ _ _ _ _ _ _ _ _ _ _ _ _ _ _ _ _ _ _ _ _ _ _ _ _ _ _ _ _ _ _ _ _ _ _ _

>   ???
E   ValueError: could not convert string to float: '2025-11-22 20:09:43'

lib\\sqlalchemy\\cyextension\\processors.pyx:27: ValueError

The above exception was the direct cause of the following exception:

temp_scan_dir = 'C:\\Users\\haris\\AppData\\Local\\Temp\\tmp7hm0e89w'
temp_db = 'C:\\Users\\haris\\AppData\\Local\\Temp\\tmpfh0r0k9p.db'

    def test_integration_no_changes(temp_scan_dir, temp_db):
        """Test that no files are re-hashed if nothing changed."""
        # First scan
>       scan_time1, hashed1 = scan_directory(temp_scan_dir, temp_db)
                              ^^^^^^^^^^^^^^^^^^^^^^^^^^^^^^^^^^^^^^

tests\test_integration.py:146: 
_ _ _ _ _ _ _ _ _ _ _ _ _ _ _ _ _ _ _ _ _ _ _ _ _ _ _ _ _ _ _ _ _ _ _ _ _ _ _ _
tests\test_integration.py:92: in scan_directory
    upsert_file_entry(abs_path, filename, size, mtime, scan_date=scan_date)
utilities\database.py:540: in upsert_file_entry
    connection.execute(stmt)
..\.venv\Lib\site-packages\sqlalchemy\engine\base.py:1416: in execute
    return meth(
..\.venv\Lib\site-packages\sqlalchemy\sql\elements.py:523: in _execute_on_connection
    return connection._execute_clauseelement(
..\.venv\Lib\site-packages\sqlalchemy\engine\base.py:1638: in _execute_clauseelement
    ret = self._execute_context(
..\.venv\Lib\site-packages\sqlalchemy\engine\base.py:1818: in _execute_context
    self._handle_dbapi_exception(
..\.venv\Lib\site-packages\sqlalchemy\engine\base.py:2352: in _handle_dbapi_exception
    raise sqlalchemy_exception.with_traceback(exc_info[2]) from e
..\.venv\Lib\site-packages\sqlalchemy\engine\base.py:1812: in _execute_context
    context = constructor(
..\.venv\Lib\site-packages\sqlalchemy\engine\default.py:1485: in _init_compiled
    l_param: List[Any] = [
..\.venv\Lib\site-packages\sqlalchemy\engine\default.py:1487: in <listcomp>
    flattened_processors[key](compiled_params[key])
_ _ _ _ _ _ _ _ _ _ _ _ _ _ _ _ _ _ _ _ _ _ _ _ _ _ _ _ _ _ _ _ _ _ _ _ _ _ _ _

>   ???
E   sqlalchemy.exc.StatementError: (builtins.ValueError) could not convert string to float: '2025-11-22 20:09:43'
E   [SQL: INSERT INTO file_hashes (filename, absolute_path, hash_value, file_size, scan_date, mtime) VALUES (?, ?, ?, ?, ?, ?)]

lib\\sqlalchemy\\cyextension\\processors.pyx:27: StatementError
__________________________ test_integration_new_file __________________________

self = <sqlalchemy.engine.base.Connection object at 0x0000023AB8C4CB90>
dialect = <sqlalchemy.dialects.sqlite.pysqlite.SQLiteDialect_pysqlite object at 0x0000023AB9CADE10>
constructor = <bound method DefaultExecutionContext._init_compiled of <class 'sqlalchemy.dialects.sqlite.base.SQLiteExecutionContext'>>
statement = <sqlalchemy.dialects.sqlite.base.SQLiteCompiler object at 0x0000023AB9CAFBD0>
parameters = (), execution_options = immutabledict({})
args = (<sqlalchemy.dialects.sqlite.base.SQLiteCompiler object at 0x0000023AB9CAFBD0>, (), <sqlalchemy.sql.dml.Insert object ...43984 param)s', 1763822384.0417438, type_=NullType()), BindParameter('%(2451248443920 param)s', '', type_=NullType())])
kw = {'cache_hit': <CacheStats.CACHE_MISS: 1>}
conn = <sqlalchemy.pool.base._ConnectionFairy object at 0x0000023AB8C567B0>

    def _execute_context(
        self,
        dialect: Dialect,
        constructor: Callable[..., ExecutionContext],
        statement: Union[str, Compiled],
        parameters: Optional[_AnyMultiExecuteParams],
        execution_options: _ExecuteOptions,
        *args: Any,
        **kw: Any,
    ) -> CursorResult[Any]:
        """Create an :class:`.ExecutionContext` and execute, returning
        a :class:`_engine.CursorResult`."""
    
        if execution_options:
            yp = execution_options.get("yield_per", None)
            if yp:
                execution_options = execution_options.union(
                    {"stream_results": True, "max_row_buffer": yp}
                )
        try:
            conn = self._dbapi_connection
            if conn is None:
                conn = self._revalidate_connection()
    
>           context = constructor(
                dialect, self, conn, execution_options, *args, **kw
            )

..\.venv\Lib\site-packages\sqlalchemy\engine\base.py:1812: 
_ _ _ _ _ _ _ _ _ _ _ _ _ _ _ _ _ _ _ _ _ _ _ _ _ _ _ _ _ _ _ _ _ _ _ _ _ _ _ _
..\.venv\Lib\site-packages\sqlalchemy\engine\default.py:1485: in _init_compiled
    l_param: List[Any] = [
..\.venv\Lib\site-packages\sqlalchemy\engine\default.py:1487: in <listcomp>
    flattened_processors[key](compiled_params[key])
_ _ _ _ _ _ _ _ _ _ _ _ _ _ _ _ _ _ _ _ _ _ _ _ _ _ _ _ _ _ _ _ _ _ _ _ _ _ _ _

>   ???
E   ValueError: could not convert string to float: '2025-11-22 20:09:44'

lib\\sqlalchemy\\cyextension\\processors.pyx:27: ValueError

The above exception was the direct cause of the following exception:

temp_scan_dir = 'C:\\Users\\haris\\AppData\\Local\\Temp\\tmpror908h0'
temp_db = 'C:\\Users\\haris\\AppData\\Local\\Temp\\tmprhu9w0in.db'

    def test_integration_new_file(temp_scan_dir, temp_db):
        """Test that new files are hashed."""
        # First scan (only file1)
        file1_path = os.path.join(temp_scan_dir, "file1.txt")
        temp_subdir = os.path.join(temp_scan_dir, "subdir")
        os.mkdir(temp_subdir)
        # Don't create file2 yet
    
        # Scan only file1
        files = [(os.path.basename(file1_path), file1_path, get_file_size(file1_path),
                  datetime.now().strftime("%Y-%m-%d %H:%M:%S"), get_file_mtime(file1_path))]
        for item in files:
            filename, abs_path, size, scan_date, mtime = item
>           upsert_file_entry(abs_path, filename, size, mtime, scan_date=scan_date)

tests\test_integration.py:168: 
_ _ _ _ _ _ _ _ _ _ _ _ _ _ _ _ _ _ _ _ _ _ _ _ _ _ _ _ _ _ _ _ _ _ _ _ _ _ _ _
utilities\database.py:540: in upsert_file_entry
    connection.execute(stmt)
..\.venv\Lib\site-packages\sqlalchemy\engine\base.py:1416: in execute
    return meth(
..\.venv\Lib\site-packages\sqlalchemy\sql\elements.py:523: in _execute_on_connection
    return connection._execute_clauseelement(
..\.venv\Lib\site-packages\sqlalchemy\engine\base.py:1638: in _execute_clauseelement
    ret = self._execute_context(
..\.venv\Lib\site-packages\sqlalchemy\engine\base.py:1818: in _execute_context
    self._handle_dbapi_exception(
..\.venv\Lib\site-packages\sqlalchemy\engine\base.py:2352: in _handle_dbapi_exception
    raise sqlalchemy_exception.with_traceback(exc_info[2]) from e
..\.venv\Lib\site-packages\sqlalchemy\engine\base.py:1812: in _execute_context
    context = constructor(
..\.venv\Lib\site-packages\sqlalchemy\engine\default.py:1485: in _init_compiled
    l_param: List[Any] = [
..\.venv\Lib\site-packages\sqlalchemy\engine\default.py:1487: in <listcomp>
    flattened_processors[key](compiled_params[key])
_ _ _ _ _ _ _ _ _ _ _ _ _ _ _ _ _ _ _ _ _ _ _ _ _ _ _ _ _ _ _ _ _ _ _ _ _ _ _ _

>   ???
E   sqlalchemy.exc.StatementError: (builtins.ValueError) could not convert string to float: '2025-11-22 20:09:44'
E   [SQL: INSERT INTO file_hashes (filename, absolute_path, hash_value, file_size, scan_date, mtime) VALUES (?, ?, ?, ?, ?, ?)]

lib\\sqlalchemy\\cyextension\\processors.pyx:27: StatementError
============================== warnings summary ===============================
utilities\database.py:48
  C:\Users\haris\Downloads\Software\PythonPrograms\dupFinder\utilities\database.py:48: MovedIn20Warning: The ``declarative_base()`` function is now available as sqlalchemy.orm.declarative_base(). (deprecated since: 2.0) (Background on SQLAlchemy 2.0 at: https://sqlalche.me/e/b8d9)
    Base = declarative_base()

-- Docs: https://docs.pytest.org/en/stable/how-to/capture-warnings.html
=========================== short test summary info ===========================
FAILED tests/test_database.py::test_get_file_by_path_success - NameError: nam...
FAILED tests/test_database.py::test_migrate_scan_date_to_epoch - sqlalchemy.e...
FAILED tests/test_database.py::test_migrate_invalid_date - sqlalchemy.exc.Ope...
FAILED tests/test_integration.py::test_integration_mtime_optimization - sqlal...
FAILED tests/test_integration.py::test_integration_no_changes - sqlalchemy.ex...
FAILED tests/test_integration.py::test_integration_new_file - sqlalchemy.exc....
=================== 6 failed, 16 passed, 1 warning in 9.77s ===================
